2026-10-05T21:19:07+0300 [1/6] Проверяем доступ к репозиторию restic
2026-10-05T21:19:10+0300 [2/6] Блокируем запись в базу данных на время копирования
2026-10-05T21:19:10+0300 [3/6] Снимаем дамп PostgreSQL (pg_dump, custom format)
2026-10-05T21:19:11+0300 [4/6] Отправляем дамп, файлы и настройки в restic
2026-10-05T21:19:14+0300 [5/6] Возвращаем запись в базу данных
2026-10-05T21:19:14+0300 FAILED: резервное копирование завершилось с ошибкой (код 1)
2026-10-05T21:19:44+0300 [1/6] Проверяем доступ к репозиторию restic
2026-10-05T21:19:47+0300 [2/6] Блокируем запись в базу данных на время копирования
2026-10-05T21:19:47+0300 FAILED: резервное копирование завершилось с ошибкой (код 1)
2026-10-06T00:16:41+0300 [1/6] Проверяем доступ к репозиторию restic
2026-10-06T00:16:44+0300 [2/6] Блокируем запись в базу данных на время копирования
2026-10-06T00:16:44+0300 [3/6] Снимаем дамп PostgreSQL (pg_dump, custom format)
2026-10-06T00:16:44+0300 [4/6] Отправляем дамп, файлы и настройки в restic
2026-10-06T00:16:48+0300 [5/6] Возвращаем запись в базу данных
2026-10-06T00:16:48+0300 [6/6] Политика хранения: оставляем 3 последних снимка
2026-10-06T00:16:50+0300 Снимки в репозитории:
ID        Time                 Host        Tags        Paths
-------------------------------------------------------------------------------------------------------
3b91e505  2026-10-05 21:19:11  task03      task03      /opt/devops/task03/configs/01-items.sql
                                                       /opt/devops/task03/configs/Caddyfile
                                                       /opt/devops/task03/configs/docker-compose.yml
                                                       /opt/devops/task03/data/backup-tmp/db.dump
                                                       /opt/devops/task03/data/backup-tmp/env.sanitized
                                                       /opt/devops/task03/data/files

e470794a  2026-10-06 00:16:44  task03      task03      /opt/devops/task03/configs/01-items.sql
                                                       /opt/devops/task03/configs/docker-compose.yml
                                                       /opt/devops/task03/data/backup-tmp/db.dump
                                                       /opt/devops/task03/data/backup-tmp/env.sanitized
                                                       /opt/devops/task03/data/files
-------------------------------------------------------------------------------------------------------
2 snapshots
2026-10-06T00:16:53+0300 OK: резервное копирование завершено успешно
2026-10-06T00:16:53+0300 [1/6] Проверяем доступ к репозиторию restic
2026-10-06T00:16:56+0300 [2/6] Блокируем запись в базу данных на время копирования
2026-10-06T00:16:56+0300 [3/6] Снимаем дамп PostgreSQL (pg_dump, custom format)
2026-10-06T00:16:57+0300 [4/6] Отправляем дамп, файлы и настройки в restic
2026-10-06T00:17:00+0300 [5/6] Возвращаем запись в базу данных
2026-10-06T00:17:00+0300 [6/6] Политика хранения: оставляем 3 последних снимка
2026-10-06T00:17:05+0300 Снимки в репозитории:
ID        Time                 Host        Tags        Paths
-------------------------------------------------------------------------------------------------------
3b91e505  2026-10-05 21:19:11  task03      task03      /opt/devops/task03/configs/01-items.sql
                                                       /opt/devops/task03/configs/Caddyfile
                                                       /opt/devops/task03/configs/docker-compose.yml
                                                       /opt/devops/task03/data/backup-tmp/db.dump
                                                       /opt/devops/task03/data/backup-tmp/env.sanitized
                                                       /opt/devops/task03/data/files

e470794a  2026-10-06 00:16:44  task03      task03      /opt/devops/task03/configs/01-items.sql
                                                       /opt/devops/task03/configs/docker-compose.yml
                                                       /opt/devops/task03/data/backup-tmp/db.dump
                                                       /opt/devops/task03/data/backup-tmp/env.sanitized
                                                       /opt/devops/task03/data/files

b016fa02  2026-10-06 00:16:57  task03      task03      /opt/devops/task03/configs/01-items.sql
                                                       /opt/devops/task03/configs/docker-compose.yml
                                                       /opt/devops/task03/data/backup-tmp/db.dump
                                                       /opt/devops/task03/data/backup-tmp/env.sanitized
                                                       /opt/devops/task03/data/files
-------------------------------------------------------------------------------------------------------
3 snapshots
2026-10-06T00:17:08+0300 OK: резервное копирование завершено успешно
2026-10-06T00:17:08+0300 [1/6] Проверяем доступ к репозиторию restic
2026-10-06T00:17:12+0300 [2/6] Блокируем запись в базу данных на время копирования
2026-10-06T00:17:12+0300 [3/6] Снимаем дамп PostgreSQL (pg_dump, custom format)
2026-10-06T00:17:12+0300 [4/6] Отправляем дамп, файлы и настройки в restic
2026-10-06T00:17:15+0300 [5/6] Возвращаем запись в базу данных
2026-10-06T00:17:15+0300 [6/6] Политика хранения: оставляем 3 последних снимка
2026-10-06T00:17:18+0300 Снимки в репозитории:
ID        Time                 Host        Tags        Paths
-------------------------------------------------------------------------------------------------------
3b91e505  2026-10-05 21:19:11  task03      task03      /opt/devops/task03/configs/01-items.sql
                                                       /opt/devops/task03/configs/Caddyfile
                                                       /opt/devops/task03/configs/docker-compose.yml
                                                       /opt/devops/task03/data/backup-tmp/db.dump
                                                       /opt/devops/task03/data/backup-tmp/env.sanitized
                                                       /opt/devops/task03/data/files

e470794a  2026-10-06 00:16:44  task03      task03      /opt/devops/task03/configs/01-items.sql
                                                       /opt/devops/task03/configs/docker-compose.yml
                                                       /opt/devops/task03/data/backup-tmp/db.dump
                                                       /opt/devops/task03/data/backup-tmp/env.sanitized
                                                       /opt/devops/task03/data/files

b016fa02  2026-10-06 00:16:57  task03      task03      /opt/devops/task03/configs/01-items.sql
                                                       /opt/devops/task03/configs/docker-compose.yml
                                                       /opt/devops/task03/data/backup-tmp/db.dump
                                                       /opt/devops/task03/data/backup-tmp/env.sanitized
                                                       /opt/devops/task03/data/files

018bf8bb  2026-10-06 00:17:12  task03      task03      /opt/devops/task03/configs/01-items.sql
                                                       /opt/devops/task03/configs/docker-compose.yml
                                                       /opt/devops/task03/data/backup-tmp/db.dump
                                                       /opt/devops/task03/data/backup-tmp/env.sanitized
                                                       /opt/devops/task03/data/files
-------------------------------------------------------------------------------------------------------
4 snapshots
2026-10-06T00:17:21+0300 OK: резервное копирование завершено успешно
2026-10-06T00:17:21+0300 [1/6] Проверяем доступ к репозиторию restic
2026-10-06T00:17:25+0300 [2/6] Блокируем запись в базу данных на время копирования
2026-10-06T00:17:25+0300 [3/6] Снимаем дамп PostgreSQL (pg_dump, custom format)
2026-10-06T00:17:25+0300 [4/6] Отправляем дамп, файлы и настройки в restic
2026-10-06T00:17:28+0300 [5/6] Возвращаем запись в базу данных
2026-10-06T00:17:29+0300 [6/6] Политика хранения: оставляем 3 последних снимка
2026-10-06T00:18:00+0300 Снимки в репозитории:
ID        Time                 Host        Tags        Paths
-------------------------------------------------------------------------------------------------------
3b91e505  2026-10-05 21:19:11  task03      task03      /opt/devops/task03/configs/01-items.sql
                                                       /opt/devops/task03/configs/Caddyfile
                                                       /opt/devops/task03/configs/docker-compose.yml
                                                       /opt/devops/task03/data/backup-tmp/db.dump
                                                       /opt/devops/task03/data/backup-tmp/env.sanitized
                                                       /opt/devops/task03/data/files

b016fa02  2026-10-06 00:16:57  task03      task03      /opt/devops/task03/configs/01-items.sql
                                                       /opt/devops/task03/configs/docker-compose.yml
                                                       /opt/devops/task03/data/backup-tmp/db.dump
                                                       /opt/devops/task03/data/backup-tmp/env.sanitized
                                                       /opt/devops/task03/data/files

018bf8bb  2026-10-06 00:17:12  task03      task03      /opt/devops/task03/configs/01-items.sql
                                                       /opt/devops/task03/configs/docker-compose.yml
                                                       /opt/devops/task03/data/backup-tmp/db.dump
                                                       /opt/devops/task03/data/backup-tmp/env.sanitized
                                                       /opt/devops/task03/data/files

147747a3  2026-10-06 00:17:25  task03      task03      /opt/devops/task03/configs/01-items.sql
                                                       /opt/devops/task03/configs/docker-compose.yml
                                                       /opt/devops/task03/data/backup-tmp/db.dump
                                                       /opt/devops/task03/data/backup-tmp/env.sanitized
                                                       /opt/devops/task03/data/files
-------------------------------------------------------------------------------------------------------
4 snapshots
2026-10-06T00:18:03+0300 OK: резервное копирование завершено успешно
2026-10-06T00:18:03+0300 [1/6] Проверяем доступ к репозиторию restic
2026-10-06T00:18:05+0300 FAILED: резервное копирование уже выполняется другим процессом
2026-10-06T00:18:05+0300 [2/6] Блокируем запись в базу данных на время копирования
2026-10-06T00:18:05+0300 [3/6] Снимаем дамп PostgreSQL (pg_dump, custom format)
2026-10-06T00:18:06+0300 [4/6] Отправляем дамп, файлы и настройки в restic
2026-10-06T00:18:09+0300 [5/6] Возвращаем запись в базу данных
2026-10-06T00:18:09+0300 [6/6] Политика хранения: оставляем 3 последних снимка
2026-10-06T00:18:42+0300 Снимки в репозитории:
ID        Time                 Host        Tags        Paths
-------------------------------------------------------------------------------------------------------
3b91e505  2026-10-05 21:19:11  task03      task03      /opt/devops/task03/configs/01-items.sql
                                                       /opt/devops/task03/configs/Caddyfile
                                                       /opt/devops/task03/configs/docker-compose.yml
                                                       /opt/devops/task03/data/backup-tmp/db.dump
                                                       /opt/devops/task03/data/backup-tmp/env.sanitized
                                                       /opt/devops/task03/data/files

018bf8bb  2026-10-06 00:17:12  task03      task03      /opt/devops/task03/configs/01-items.sql
                                                       /opt/devops/task03/configs/docker-compose.yml
                                                       /opt/devops/task03/data/backup-tmp/db.dump
                                                       /opt/devops/task03/data/backup-tmp/env.sanitized
                                                       /opt/devops/task03/data/files

147747a3  2026-10-06 00:17:25  task03      task03      /opt/devops/task03/configs/01-items.sql
                                                       /opt/devops/task03/configs/docker-compose.yml
                                                       /opt/devops/task03/data/backup-tmp/db.dump
                                                       /opt/devops/task03/data/backup-tmp/env.sanitized
                                                       /opt/devops/task03/data/files

0195ec98  2026-10-06 00:18:06  task03      task03      /opt/devops/task03/configs/01-items.sql
                                                       /opt/devops/task03/configs/docker-compose.yml
                                                       /opt/devops/task03/data/backup-tmp/db.dump
                                                       /opt/devops/task03/data/backup-tmp/env.sanitized
                                                       /opt/devops/task03/data/files
-------------------------------------------------------------------------------------------------------
4 snapshots
2026-10-06T00:18:45+0300 OK: резервное копирование завершено успешно
2026-10-06T00:19:05+0300 [1/6] Проверяем доступ к репозиторию restic
2026-10-06T00:19:08+0300 [2/6] Блокируем запись в базу данных на время копирования
2026-10-06T00:19:08+0300 [3/6] Снимаем дамп PostgreSQL (pg_dump, custom format)
2026-10-06T00:19:08+0300 [4/6] Отправляем дамп, файлы и настройки в restic
2026-10-06T00:19:11+0300 [5/6] Возвращаем запись в базу данных
2026-10-06T00:19:12+0300 [6/6] Политика хранения: оставляем 3 последних снимка
2026-10-06T00:19:44+0300 Снимки в репозитории:
ID        Time                 Host        Tags        Paths
-------------------------------------------------------------------------------------------------------
147747a3  2026-10-06 00:17:25  task03      task03      /opt/devops/task03/configs/01-items.sql
                                                       /opt/devops/task03/configs/docker-compose.yml
                                                       /opt/devops/task03/data/backup-tmp/db.dump
                                                       /opt/devops/task03/data/backup-tmp/env.sanitized
                                                       /opt/devops/task03/data/files

0195ec98  2026-10-06 00:18:06  task03      task03      /opt/devops/task03/configs/01-items.sql
                                                       /opt/devops/task03/configs/docker-compose.yml
                                                       /opt/devops/task03/data/backup-tmp/db.dump
                                                       /opt/devops/task03/data/backup-tmp/env.sanitized
                                                       /opt/devops/task03/data/files

0203f243  2026-10-06 00:19:08  task03      task03      /opt/devops/task03/configs/01-items.sql
                                                       /opt/devops/task03/configs/docker-compose.yml
                                                       /opt/devops/task03/data/backup-tmp/db.dump
                                                       /opt/devops/task03/data/backup-tmp/env.sanitized
                                                       /opt/devops/task03/data/files
-------------------------------------------------------------------------------------------------------
3 snapshots
2026-10-06T00:19:48+0300 OK: резервное копирование завершено успешно
2026-10-06T00:20:01+0300 [1/6] Проверяем доступ к репозиторию restic
2026-10-06T00:20:03+0300 [2/6] Блокируем запись в базу данных на время копирования
2026-10-06T00:20:03+0300 [3/6] Снимаем дамп PostgreSQL (pg_dump, custom format)
2026-10-06T00:20:04+0300 [4/6] Отправляем дамп, файлы и настройки в restic
2026-10-06T00:20:08+0300 [5/6] Возвращаем запись в базу данных
2026-10-06T00:20:08+0300 [6/6] Политика хранения: оставляем 3 последних снимка
2026-10-06T00:20:42+0300 Снимки в репозитории:
ID        Time                 Host        Tags        Paths
-------------------------------------------------------------------------------------------------------
0195ec98  2026-10-06 00:18:06  task03      task03      /opt/devops/task03/configs/01-items.sql
                                                       /opt/devops/task03/configs/docker-compose.yml
                                                       /opt/devops/task03/data/backup-tmp/db.dump
                                                       /opt/devops/task03/data/backup-tmp/env.sanitized
                                                       /opt/devops/task03/data/files

0203f243  2026-10-06 00:19:08  task03      task03      /opt/devops/task03/configs/01-items.sql
                                                       /opt/devops/task03/configs/docker-compose.yml
                                                       /opt/devops/task03/data/backup-tmp/db.dump
                                                       /opt/devops/task03/data/backup-tmp/env.sanitized
                                                       /opt/devops/task03/data/files

7c1f7fd3  2026-10-06 00:20:04  task03      task03      /opt/devops/task03/configs/01-items.sql
                                                       /opt/devops/task03/configs/docker-compose.yml
                                                       /opt/devops/task03/data/backup-tmp/db.dump
                                                       /opt/devops/task03/data/backup-tmp/env.sanitized
                                                       /opt/devops/task03/data/files
-------------------------------------------------------------------------------------------------------
3 snapshots
2026-10-06T00:20:45+0300 OK: резервное копирование завершено успешно
2026-10-06T00:21:03+0300 [1/6] Проверяем доступ к репозиторию restic
2026-10-06T00:21:06+0300 [2/6] Блокируем запись в базу данных на время копирования
2026-10-06T00:21:06+0300 [3/6] Снимаем дамп PostgreSQL (pg_dump, custom format)
2026-10-06T00:21:06+0300 [4/6] Отправляем дамп, файлы и настройки в restic
2026-10-06T00:21:10+0300 [5/6] Возвращаем запись в базу данных
2026-10-06T00:21:10+0300 [6/6] Политика хранения: оставляем 3 последних снимка
2026-10-06T00:21:44+0300 Снимки в репозитории:
ID        Time                 Host        Tags        Paths
-------------------------------------------------------------------------------------------------------
0203f243  2026-10-06 00:19:08  task03      task03      /opt/devops/task03/configs/01-items.sql
                                                       /opt/devops/task03/configs/docker-compose.yml
                                                       /opt/devops/task03/data/backup-tmp/db.dump
                                                       /opt/devops/task03/data/backup-tmp/env.sanitized
                                                       /opt/devops/task03/data/files

7c1f7fd3  2026-10-06 00:20:04  task03      task03      /opt/devops/task03/configs/01-items.sql
                                                       /opt/devops/task03/configs/docker-compose.yml
                                                       /opt/devops/task03/data/backup-tmp/db.dump
                                                       /opt/devops/task03/data/backup-tmp/env.sanitized
                                                       /opt/devops/task03/data/files

22fee03f  2026-10-06 00:21:06  task03      task03      /opt/devops/task03/configs/01-items.sql
                                                       /opt/devops/task03/configs/docker-compose.yml
                                                       /opt/devops/task03/data/backup-tmp/db.dump
                                                       /opt/devops/task03/data/backup-tmp/env.sanitized
                                                       /opt/devops/task03/data/files
-------------------------------------------------------------------------------------------------------
3 snapshots
2026-10-06T00:21:47+0300 OK: резервное копирование завершено успешно
2026-10-06T00:23:18+0300 [1/6] Проверяем доступ к репозиторию restic
2026-10-06T00:23:20+0300 Нет доступа к репозиторию restic: Fatal: wrong password or no key found 
2026-10-06T00:23:20+0300 FAILED: резервное копирование завершилось с ошибкой (код 1)
2026-10-06T01:15:11+0300 [1/6] Проверяем доступ к репозиторию restic
2026-10-06T01:15:15+0300 [2/6] Блокируем запись в базу данных на время копирования
2026-10-06T01:15:15+0300 [3/6] Снимаем дамп PostgreSQL (pg_dump, custom format)
2026-10-06T01:15:15+0300 [4/6] Отправляем дамп, файлы и настройки в restic
2026-10-06T01:15:18+0300 [5/6] Возвращаем запись в базу данных
2026-10-06T01:15:19+0300 [6/6] Политика хранения: оставляем 3 последних снимка
2026-10-06T01:16:22+0300 Снимки в репозитории:
ID        Time                 Host        Tags        Paths
-------------------------------------------------------------------------------------------------------
7c1f7fd3  2026-10-06 00:20:04  task03      task03      /opt/devops/task03/configs/01-items.sql
                                                       /opt/devops/task03/configs/docker-compose.yml
                                                       /opt/devops/task03/data/backup-tmp/db.dump
                                                       /opt/devops/task03/data/backup-tmp/env.sanitized
                                                       /opt/devops/task03/data/files

22fee03f  2026-10-06 00:21:06  task03      task03      /opt/devops/task03/configs/01-items.sql
                                                       /opt/devops/task03/configs/docker-compose.yml
                                                       /opt/devops/task03/data/backup-tmp/db.dump
                                                       /opt/devops/task03/data/backup-tmp/env.sanitized
                                                       /opt/devops/task03/data/files

c48221da  2026-10-06 01:15:15  task03      task03      /opt/devops/task03/configs/01-items.sql
                                                       /opt/devops/task03/configs/docker-compose.yml
                                                       /opt/devops/task03/data/backup-tmp/db.dump
                                                       /opt/devops/task03/data/backup-tmp/env.sanitized
                                                       /opt/devops/task03/data/files
-------------------------------------------------------------------------------------------------------
3 snapshots
2026-10-06T01:16:25+0300 OK: резервное копирование завершено успешно
2026-10-06T01:16:25+0300 [1/6] Проверяем доступ к репозиторию restic
2026-10-06T01:16:27+0300 [2/6] Блокируем запись в базу данных на время копирования
2026-10-06T01:16:28+0300 [3/6] Снимаем дамп PostgreSQL (pg_dump, custom format)
2026-10-06T01:16:28+0300 [4/6] Отправляем дамп, файлы и настройки в restic
2026-10-06T01:16:31+0300 [5/6] Возвращаем запись в базу данных
2026-10-06T01:16:31+0300 [6/6] Политика хранения: оставляем 3 последних снимка
2026-10-06T01:17:02+0300 Снимки в репозитории:
ID        Time                 Host        Tags        Paths
-------------------------------------------------------------------------------------------------------
22fee03f  2026-10-06 00:21:06  task03      task03      /opt/devops/task03/configs/01-items.sql
                                                       /opt/devops/task03/configs/docker-compose.yml
                                                       /opt/devops/task03/data/backup-tmp/db.dump
                                                       /opt/devops/task03/data/backup-tmp/env.sanitized
                                                       /opt/devops/task03/data/files

c48221da  2026-10-06 01:15:15  task03      task03      /opt/devops/task03/configs/01-items.sql
                                                       /opt/devops/task03/configs/docker-compose.yml
                                                       /opt/devops/task03/data/backup-tmp/db.dump
                                                       /opt/devops/task03/data/backup-tmp/env.sanitized
                                                       /opt/devops/task03/data/files

c2810c1c  2026-10-06 01:16:28  task03      task03      /opt/devops/task03/configs/01-items.sql
                                                       /opt/devops/task03/configs/docker-compose.yml
                                                       /opt/devops/task03/data/backup-tmp/db.dump
                                                       /opt/devops/task03/data/backup-tmp/env.sanitized
                                                       /opt/devops/task03/data/files
-------------------------------------------------------------------------------------------------------
3 snapshots
2026-10-06T01:17:05+0300 OK: резервное копирование завершено успешно
2026-10-06T01:17:05+0300 [1/6] Проверяем доступ к репозиторию restic
2026-10-06T01:17:07+0300 [2/6] Блокируем запись в базу данных на время копирования
2026-10-06T01:17:08+0300 [3/6] Снимаем дамп PostgreSQL (pg_dump, custom format)
2026-10-06T01:17:08+0300 [4/6] Отправляем дамп, файлы и настройки в restic
2026-10-06T01:17:11+0300 [5/6] Возвращаем запись в базу данных
2026-10-06T01:17:11+0300 [6/6] Политика хранения: оставляем 3 последних снимка
2026-10-06T01:17:47+0300 Снимки в репозитории:
ID        Time                 Host        Tags        Paths
-------------------------------------------------------------------------------------------------------
c48221da  2026-10-06 01:15:15  task03      task03      /opt/devops/task03/configs/01-items.sql
                                                       /opt/devops/task03/configs/docker-compose.yml
                                                       /opt/devops/task03/data/backup-tmp/db.dump
                                                       /opt/devops/task03/data/backup-tmp/env.sanitized
                                                       /opt/devops/task03/data/files

c2810c1c  2026-10-06 01:16:28  task03      task03      /opt/devops/task03/configs/01-items.sql
                                                       /opt/devops/task03/configs/docker-compose.yml
                                                       /opt/devops/task03/data/backup-tmp/db.dump
                                                       /opt/devops/task03/data/backup-tmp/env.sanitized
                                                       /opt/devops/task03/data/files

0d45f9ec  2026-10-06 01:17:08  task03      task03      /opt/devops/task03/configs/01-items.sql
                                                       /opt/devops/task03/configs/docker-compose.yml
                                                       /opt/devops/task03/data/backup-tmp/db.dump
                                                       /opt/devops/task03/data/backup-tmp/env.sanitized
                                                       /opt/devops/task03/data/files
-------------------------------------------------------------------------------------------------------
3 snapshots
2026-10-06T01:17:50+0300 OK: резервное копирование завершено успешно
2026-10-06T01:17:50+0300 [1/6] Проверяем доступ к репозиторию restic
2026-10-06T01:17:53+0300 [2/6] Блокируем запись в базу данных на время копирования
2026-10-06T01:17:53+0300 [3/6] Снимаем дамп PostgreSQL (pg_dump, custom format)
2026-10-06T01:17:53+0300 [4/6] Отправляем дамп, файлы и настройки в restic
2026-10-06T01:17:56+0300 [5/6] Возвращаем запись в базу данных
2026-10-06T01:17:56+0300 [6/6] Политика хранения: оставляем 3 последних снимка
2026-10-06T01:18:59+0300 Снимки в репозитории:
ID        Time                 Host        Tags        Paths
-------------------------------------------------------------------------------------------------------
c2810c1c  2026-10-06 01:16:28  task03      task03      /opt/devops/task03/configs/01-items.sql
                                                       /opt/devops/task03/configs/docker-compose.yml
                                                       /opt/devops/task03/data/backup-tmp/db.dump
                                                       /opt/devops/task03/data/backup-tmp/env.sanitized
                                                       /opt/devops/task03/data/files

0d45f9ec  2026-10-06 01:17:08  task03      task03      /opt/devops/task03/configs/01-items.sql
                                                       /opt/devops/task03/configs/docker-compose.yml
                                                       /opt/devops/task03/data/backup-tmp/db.dump
                                                       /opt/devops/task03/data/backup-tmp/env.sanitized
                                                       /opt/devops/task03/data/files

f00602e4  2026-10-06 01:17:53  task03      task03      /opt/devops/task03/configs/01-items.sql
                                                       /opt/devops/task03/configs/docker-compose.yml
                                                       /opt/devops/task03/data/backup-tmp/db.dump
                                                       /opt/devops/task03/data/backup-tmp/env.sanitized
                                                       /opt/devops/task03/data/files
-------------------------------------------------------------------------------------------------------
3 snapshots
2026-10-06T01:19:02+0300 OK: резервное копирование завершено успешно
2026-10-06T01:19:02+0300 [1/6] Проверяем доступ к репозиторию restic
2026-10-06T01:19:05+0300 [2/6] Блокируем запись в базу данных на время копирования
2026-10-06T01:19:05+0300 [3/6] Снимаем дамп PostgreSQL (pg_dump, custom format)
2026-10-06T01:19:05+0300 [4/6] Отправляем дамп, файлы и настройки в restic
2026-10-06T01:19:05+0300 FAILED: резервное копирование уже выполняется другим процессом
2026-10-06T01:19:08+0300 [5/6] Возвращаем запись в базу данных
2026-10-06T01:19:08+0300 [6/6] Политика хранения: оставляем 3 последних снимка
2026-10-06T01:19:41+0300 Снимки в репозитории:
ID        Time                 Host        Tags        Paths
-------------------------------------------------------------------------------------------------------
0d45f9ec  2026-10-06 01:17:08  task03      task03      /opt/devops/task03/configs/01-items.sql
                                                       /opt/devops/task03/configs/docker-compose.yml
                                                       /opt/devops/task03/data/backup-tmp/db.dump
                                                       /opt/devops/task03/data/backup-tmp/env.sanitized
                                                       /opt/devops/task03/data/files

f00602e4  2026-10-06 01:17:53  task03      task03      /opt/devops/task03/configs/01-items.sql
                                                       /opt/devops/task03/configs/docker-compose.yml
                                                       /opt/devops/task03/data/backup-tmp/db.dump
                                                       /opt/devops/task03/data/backup-tmp/env.sanitized
                                                       /opt/devops/task03/data/files

754f84ae  2026-10-06 01:19:05  task03      task03      /opt/devops/task03/configs/01-items.sql
                                                       /opt/devops/task03/configs/docker-compose.yml
                                                       /opt/devops/task03/data/backup-tmp/db.dump
                                                       /opt/devops/task03/data/backup-tmp/env.sanitized
                                                       /opt/devops/task03/data/files
-------------------------------------------------------------------------------------------------------
3 snapshots
2026-10-06T01:19:46+0300 OK: резервное копирование завершено успешно
2026-10-06T01:19:48+0300 [1/6] Проверяем доступ к репозиторию restic
2026-10-06T01:19:51+0300 [2/6] Блокируем запись в базу данных на время копирования
2026-10-06T01:19:51+0300 [3/6] Снимаем дамп PostgreSQL (pg_dump, custom format)
2026-10-06T01:19:51+0300 [4/6] Отправляем дамп, файлы и настройки в restic
2026-10-06T01:19:56+0300 [5/6] Возвращаем запись в базу данных
2026-10-06T01:19:56+0300 [6/6] Политика хранения: оставляем 3 последних снимка
2026-10-06T01:20:30+0300 Снимки в репозитории:
ID        Time                 Host        Tags        Paths
-------------------------------------------------------------------------------------------------------
f00602e4  2026-10-06 01:17:53  task03      task03      /opt/devops/task03/configs/01-items.sql
                                                       /opt/devops/task03/configs/docker-compose.yml
                                                       /opt/devops/task03/data/backup-tmp/db.dump
                                                       /opt/devops/task03/data/backup-tmp/env.sanitized
                                                       /opt/devops/task03/data/files

754f84ae  2026-10-06 01:19:05  task03      task03      /opt/devops/task03/configs/01-items.sql
                                                       /opt/devops/task03/configs/docker-compose.yml
                                                       /opt/devops/task03/data/backup-tmp/db.dump
                                                       /opt/devops/task03/data/backup-tmp/env.sanitized
                                                       /opt/devops/task03/data/files

c33ffcf2  2026-10-06 01:19:51  task03      task03      /opt/devops/task03/configs/01-items.sql
                                                       /opt/devops/task03/configs/docker-compose.yml
                                                       /opt/devops/task03/data/backup-tmp/db.dump
                                                       /opt/devops/task03/data/backup-tmp/env.sanitized
                                                       /opt/devops/task03/data/files
-------------------------------------------------------------------------------------------------------
3 snapshots
2026-10-06T01:20:33+0300 OK: резервное копирование завершено успешно
2026-10-06T01:21:09+0300 [1/6] Проверяем доступ к репозиторию restic
2026-10-06T01:21:11+0300 [2/6] Блокируем запись в базу данных на время копирования
2026-10-06T01:21:11+0300 [3/6] Снимаем дамп PostgreSQL (pg_dump, custom format)
2026-10-06T01:21:12+0300 [4/6] Отправляем дамп, файлы и настройки в restic
2026-10-06T01:21:16+0300 [5/6] Возвращаем запись в базу данных
2026-10-06T01:21:16+0300 [6/6] Политика хранения: оставляем 3 последних снимка
2026-10-06T01:21:50+0300 Снимки в репозитории:
ID        Time                 Host        Tags        Paths
-------------------------------------------------------------------------------------------------------
754f84ae  2026-10-06 01:19:05  task03      task03      /opt/devops/task03/configs/01-items.sql
                                                       /opt/devops/task03/configs/docker-compose.yml
                                                       /opt/devops/task03/data/backup-tmp/db.dump
                                                       /opt/devops/task03/data/backup-tmp/env.sanitized
                                                       /opt/devops/task03/data/files

c33ffcf2  2026-10-06 01:19:51  task03      task03      /opt/devops/task03/configs/01-items.sql
                                                       /opt/devops/task03/configs/docker-compose.yml
                                                       /opt/devops/task03/data/backup-tmp/db.dump
                                                       /opt/devops/task03/data/backup-tmp/env.sanitized
                                                       /opt/devops/task03/data/files

52b6c0c3  2026-10-06 01:21:12  task03      task03      /opt/devops/task03/configs/01-items.sql
                                                       /opt/devops/task03/configs/docker-compose.yml
                                                       /opt/devops/task03/data/backup-tmp/db.dump
                                                       /opt/devops/task03/data/backup-tmp/env.sanitized
                                                       /opt/devops/task03/data/files
-------------------------------------------------------------------------------------------------------
3 snapshots
2026-10-06T01:21:53+0300 OK: резервное копирование завершено успешно
2026-10-06T01:23:46+0300 [1/6] Проверяем доступ к репозиторию restic
2026-10-06T01:23:48+0300 Нет доступа к репозиторию restic: Fatal: wrong password or no key found 
2026-10-06T01:23:48+0300 FAILED: резервное копирование завершилось с ошибкой (код 1)
